// Jest Snapshot v1, https://goo.gl/fbAQLP

exports[`should parse a dmn xml file 1`] = ``;
